// Jest Snapshot v1, https://goo.gl/fbAQLP

exports[`MaterialResolvers presents a consistent API 1`] = `
Object {
  "_testMaterial": Object {
    "id": "generic/pla",
    "model": Immutable.Map {
      "targetExtruderTemperature": 220,
      "targetBedTemperature": 60,
    },
    "modelVersion": 1,
    "schemaForm": Object {
      "id": "FDM_FILAMENT",
    },
    "shortSummary": "220Â°",
    "type": "FDM_FILAMENT",
  },
}
`;
