// Jest Snapshot v1, https://goo.gl/fbAQLP

exports[`QueryResolvers presents a consistent API 1`] = `
Object {
  "_testQuery": Object {
    "_testQuery": Object {},
    "devices": Array [
      Object {
        "id": "/dev/serial/by-id/usb-Arduino__www.arduino.cc__Arduino_Mega_2560_749373037363518101E2-if00",
      },
    ],
    "hostConfigs": Array [
      Object {
        "id": "pzxcvkkwn",
      },
    ],
    "jobQueue": Object {
      "id": "pzxcvkkwn",
    },
    "materials": Array [
      Object {
        "id": "dkdow2",
      },
      Object {
        "id": "bw021",
      },
    ],
    "printerConfigs": Array [
      Object {
        "id": "aaxcvxcvcxv-bvb-csdf234231",
      },
    ],
    "printers": Array [
      Object {
        "id": "aaxcvxcvcxv-bvb-csdf234231",
      },
    ],
    "schemaForm": Object {
      "id": "TOOLHEAD",
    },
  },
}
`;
