// Jest Snapshot v1, https://goo.gl/fbAQLP

exports[`JobHistoryEventResolvers presents a consistent API 1`] = `
Object {
  "_testJobHistoryEvent": Object {
    "createdAt": "2018-01-01T00:00:00.000Z",
    "id": "MOCK_ID_0",
    "type": "FINISH_PRINT",
  },
}
`;
