// Jest Snapshot v1, https://goo.gl/fbAQLP

exports[`TaskGraphQL presents a consistent API 1`] = `
Object {
  "description": "A spooled set of gcodes to be executed by the printer",
  "enumValues": null,
  "fields": Array [
    Object {
      "args": Array [],
      "deprecationReason": null,
      "description": null,
      "isDeprecated": false,
      "name": "id",
      "type": Object {
        "kind": "NON_NULL",
        "name": null,
        "ofType": Object {
          "kind": "SCALAR",
          "name": "ID",
          "ofType": null,
        },
      },
    },
    Object {
      "args": Array [],
      "deprecationReason": null,
      "description": null,
      "isDeprecated": false,
      "name": "name",
      "type": Object {
        "kind": "NON_NULL",
        "name": null,
        "ofType": Object {
          "kind": "SCALAR",
          "name": "String",
          "ofType": null,
        },
      },
    },
    Object {
      "args": Array [],
      "deprecationReason": null,
      "description": null,
      "isDeprecated": false,
      "name": "currentLineNumber",
      "type": Object {
        "kind": "SCALAR",
        "name": "Int",
        "ofType": null,
      },
    },
    Object {
      "args": Array [],
      "deprecationReason": null,
      "description": null,
      "isDeprecated": false,
      "name": "totalLineNumbers",
      "type": Object {
        "kind": "NON_NULL",
        "name": null,
        "ofType": Object {
          "kind": "SCALAR",
          "name": "Int",
          "ofType": null,
        },
      },
    },
    Object {
      "args": Array [],
      "deprecationReason": null,
      "description": null,
      "isDeprecated": false,
      "name": "percentComplete",
      "type": Object {
        "kind": "NON_NULL",
        "name": null,
        "ofType": Object {
          "kind": "SCALAR",
          "name": "Float",
          "ofType": null,
        },
      },
    },
    Object {
      "args": Array [],
      "deprecationReason": null,
      "description": null,
      "isDeprecated": false,
      "name": "createdAt",
      "type": Object {
        "kind": "NON_NULL",
        "name": null,
        "ofType": Object {
          "kind": "SCALAR",
          "name": "Date",
          "ofType": null,
        },
      },
    },
    Object {
      "args": Array [],
      "deprecationReason": null,
      "description": null,
      "isDeprecated": false,
      "name": "startedAt",
      "type": Object {
        "kind": "SCALAR",
        "name": "Date",
        "ofType": null,
      },
    },
    Object {
      "args": Array [],
      "deprecationReason": null,
      "description": null,
      "isDeprecated": false,
      "name": "stoppedAt",
      "type": Object {
        "kind": "SCALAR",
        "name": "Date",
        "ofType": null,
      },
    },
    Object {
      "args": Array [],
      "deprecationReason": null,
      "description": null,
      "isDeprecated": false,
      "name": "status",
      "type": Object {
        "kind": "NON_NULL",
        "name": null,
        "ofType": Object {
          "kind": "SCALAR",
          "name": "String",
          "ofType": null,
        },
      },
    },
    Object {
      "args": Array [],
      "deprecationReason": null,
      "description": null,
      "isDeprecated": false,
      "name": "printer",
      "type": Object {
        "kind": "NON_NULL",
        "name": null,
        "ofType": Object {
          "kind": "OBJECT",
          "name": "Printer",
          "ofType": null,
        },
      },
    },
  ],
  "inputFields": null,
  "interfaces": Array [],
  "kind": "OBJECT",
  "name": "Task",
  "possibleTypes": null,
}
`;

exports[`TaskGraphQL resolves every field without error 1`] = `
Object {
  "createdAt": "2018-03-23T00:04:03.342Z",
  "currentLineNumber": null,
  "id": "b00ccde5-7fa9-4437-8b0c-9097db5305bc",
  "name": "test task",
  "percentComplete": 0,
  "printer": Object {
    "id": "[DYNAMIC FIELD OMITTED]",
  },
  "startedAt": null,
  "status": "SPOOLED",
  "stoppedAt": null,
  "totalLineNumbers": 2,
}
`;
