// Jest Snapshot v1, https://goo.gl/fbAQLP

exports[`JobFileGraphQL presents a consistent API 1`] = `
Object {
  "description": null,
  "enumValues": null,
  "fields": Array [
    Object {
      "args": Array [],
      "deprecationReason": null,
      "description": null,
      "isDeprecated": false,
      "name": "id",
      "type": Object {
        "kind": "NON_NULL",
        "name": null,
        "ofType": Object {
          "kind": "SCALAR",
          "name": "ID",
          "ofType": null,
        },
      },
    },
    Object {
      "args": Array [],
      "deprecationReason": null,
      "description": null,
      "isDeprecated": false,
      "name": "name",
      "type": Object {
        "kind": "NON_NULL",
        "name": null,
        "ofType": Object {
          "kind": "SCALAR",
          "name": "String",
          "ofType": null,
        },
      },
    },
    Object {
      "args": Array [],
      "deprecationReason": null,
      "description": null,
      "isDeprecated": false,
      "name": "quantity",
      "type": Object {
        "kind": "NON_NULL",
        "name": null,
        "ofType": Object {
          "kind": "SCALAR",
          "name": "Int",
          "ofType": null,
        },
      },
    },
    Object {
      "args": Array [
        Object {
          "defaultValue": null,
          "description": null,
          "name": "excludeCompletedTasks",
          "type": Object {
            "kind": "SCALAR",
            "name": "Boolean",
            "ofType": null,
          },
        },
      ],
      "deprecationReason": null,
      "description": null,
      "isDeprecated": false,
      "name": "tasks",
      "type": Object {
        "kind": "NON_NULL",
        "name": null,
        "ofType": Object {
          "kind": "LIST",
          "name": null,
          "ofType": Object {
            "kind": "OBJECT",
            "name": "Task",
            "ofType": null,
          },
        },
      },
    },
    Object {
      "args": Array [],
      "deprecationReason": null,
      "description": null,
      "isDeprecated": false,
      "name": "tasksCompleted",
      "type": Object {
        "kind": "NON_NULL",
        "name": null,
        "ofType": Object {
          "kind": "SCALAR",
          "name": "Int",
          "ofType": null,
        },
      },
    },
    Object {
      "args": Array [],
      "deprecationReason": null,
      "description": null,
      "isDeprecated": false,
      "name": "totalTasks",
      "type": Object {
        "kind": "NON_NULL",
        "name": null,
        "ofType": Object {
          "kind": "SCALAR",
          "name": "Int",
          "ofType": null,
        },
      },
    },
    Object {
      "args": Array [],
      "deprecationReason": null,
      "description": null,
      "isDeprecated": false,
      "name": "status",
      "type": Object {
        "kind": "NON_NULL",
        "name": null,
        "ofType": Object {
          "kind": "ENUM",
          "name": "JobStatus",
          "ofType": null,
        },
      },
    },
  ],
  "inputFields": null,
  "interfaces": Array [],
  "kind": "OBJECT",
  "name": "JobFile",
  "possibleTypes": null,
}
`;

exports[`JobFileGraphQL resolves every field without error 1`] = `
Object {
  "id": "test_job_file_id",
  "name": "gear.gcode",
  "quantity": 1,
  "status": "QUEUED",
  "tasks": Array [
    Object {
      "id": "[DYNAMIC FIELD OMITTED]",
    },
  ],
  "tasksCompleted": 0,
  "totalTasks": 1,
}
`;
