// Jest Snapshot v1, https://goo.gl/fbAQLP

exports[`spoolMacro creates a SPOOL_TASK action 1`] = `
Object {
  "payload": Object {
    "task": Object {
      "createdAt": "[REDACTED]",
      "currentLineNumber": null,
      "data": Array [
        "g1 x360",
      ],
      "id": "[REDACTED]",
      "internal": false,
      "jobFileID": null,
      "jobID": null,
      "name": "my_test_macro",
      "priority": "EMERGENCY",
      "startedAt": null,
      "status": "SPOOLED",
      "stoppedAt": null,
    },
  },
  "type": "tegh-server/spool/SPOOL_TASK",
}
`;
