// Jest Snapshot v1, https://goo.gl/fbAQLP

exports[`MaterialResolvers presents a consistent API 1`] = `
Object {
  "_testMaterial": Object {
    "configForm": Object {
      "id": "dkdow2",
    },
    "id": "dkdow2",
    "name": "generic/pla",
    "shortSummary": "220Â°",
    "type": "FDM_FILAMENT",
  },
}
`;
