// Jest Snapshot v1, https://goo.gl/fbAQLP

exports[`TaskResolvers presents a consistent API 1`] = `
Object {
  "_testTask": Object {
    "createdAt": "2018-01-01T00:00:00.000Z",
    "currentLineNumber": null,
    "id": "MOCK_ID_0",
    "name": "test task",
    "percentComplete": 0,
    "printer": Object {
      "id": "test_printer_id",
    },
    "startedAt": null,
    "status": "SPOOLED",
    "stoppedAt": null,
    "totalLineNumbers": 2,
  },
}
`;
