// Jest Snapshot v1, https://goo.gl/fbAQLP

exports[`JobResolvers presents a consistent API 1`] = `
Object {
  "_testJobFile": Object {
    "id": "test_job_file_id",
    "isDone": false,
    "name": "gear.gcode",
    "printsCompleted": 0,
    "printsQueued": 0,
    "quantity": 1,
    "tasks": Array [
      Object {
        "id": "123",
      },
    ],
    "totalPrints": 1,
  },
}
`;
