// Jest Snapshot v1, https://goo.gl/fbAQLP

exports[`JobQueueResolvers presents a consistent API 1`] = `
Object {
  "_testJobQueue": Object {
    "id": "pzxcvkkwn",
    "jobs": Array [
      Object {
        "id": "MOCK_ID_0",
      },
    ],
    "name": "ExampleLabs FabLab",
  },
}
`;
