// Jest Snapshot v1, https://goo.gl/fbAQLP

exports[`JobResolvers presents a consistent API 1`] = `
Object {
  "_testJob": Object {
    "createdAt": "2018-01-01T00:00:00.000Z",
    "files": Array [
      Object {
        "id": "MOCK_ID_1",
      },
    ],
    "history": Array [],
    "id": "MOCK_ID_0",
    "isDone": false,
    "name": "test job",
    "printsCompleted": 0,
    "quantity": 1,
    "startedAt": null,
    "stoppedAt": null,
    "tasks": Array [
      Object {
        "id": "123",
      },
    ],
    "totalPrints": 1,
  },
}
`;
