// Jest Snapshot v1, https://goo.gl/fbAQLP

exports[`ComponentResolvers presents a consistent API 1`] = `
Object {
  "_testComponent": Object {
    "address": "e0",
    "configForm": Object {
      "id": "heater_1",
    },
    "fan": null,
    "heater": null,
    "id": "heater_1",
    "name": "Extruder 1",
    "type": "TOOLHEAD",
  },
}
`;
